[2025-07-10 00:03:11] ERROR Could not connect to SMTP server
[2025-07-10 00:14:09] ERROR Out of memory while processing request
[2025-07-10 01:05:23] WARNING Disk space low
[2025-07-10 01:22:56] INFO Scheduled task completed
[2025-07-10 02:14:32] ERROR Database connection failed: timeout
[2025-07-10 02:30:32] WARNING Low memory
[2025-07-10 03:45:00] INFO User logged in
[2025-07-10 04:15:10] ERROR Failed to load configuration file
[2025-07-10 05:27:39] ERROR File not found: /etc/app/config.yaml
[2025-07-10 06:58:22] INFO Update check completed
[2025-07-10 07:33:14] WARNING High CPU usage detected
[2025-07-11 08:00:00] ERROR Invalid authentication token provided
[2025-07-11 08:25:45] INFO Session started for user: admin
[2025-07-11 09:14:32] ERROR Failed to write to disk: Permission denied
[2025-07-11 10:49:18] ERROR Could not reach backup server
[2025-07-11 11:00:00] INFO Backup completed successfully
[2025-07-11 12:34:21] WARNING Deprecated API usage detected
[2025-07-11 13:15:55] ERROR Uncaught exception: Null pointer reference
[2025-07-11 14:44:32] ERROR API rate limit exceeded
[2025-07-11 15:12:33] INFO System running health check
[2025-07-11 16:00:00] ERROR Connection reset by peer
[2025-07-11 17:17:17] INFO User session expired
[2025-07-11 18:45:29] WARNING Memory usage exceeded 90%
[2025-07-11 19:33:00] ERROR Timeout while reading from socket
[2025-07-11 20:14:59] INFO Configuration reloaded
[2025-07-11 21:59:00] ERROR Service unavailable
[2025-07-11 23:00:00] INFO Maintenance window started
[2025-07-12 00:01:01] ERROR Unauthorized file access attempt
[2025-07-12 02:22:45] WARNING Unexpected shutdown detected
[2025-07-12 04:55:10] INFO Log rotation completed
[2025-07-12 08:30:00] ERROR Database connection failed: timeout
[2025-07-12 10:12:10] ERROR Database connection failed: timeout
[2025-07-12 12:03:01] INFO User logged out
[2025-07-12 13:14:32] ERROR API rate limit exceeded
[2025-07-12 14:03:27] ERROR Failed to write to disk: Permission denied
